
<body>
  <div>
    <h1>Hola Mundo!</h1>
    <h2>y hola a tí también</h2>
  </div>
</body>