
<body>
  <div>
    <h1>Hello world!</h1>
    <h2>and hello to you</h2>
    <p>en_US</p>
  </div>
</body>